../Src/stm32f100x.c:15:6:RCC_GPIO_Enable	4	static
../Src/stm32f100x.c:23:6:RCC_USART_Enable	4	static
../Src/stm32f100x.c:29:6:RCC_TIM_Enable	4	static
../Src/stm32f100x.c:36:6:RCC_I2C_Enable	4	static
../Src/stm32f100x.c:41:6:RCC_DMA_Enable	4	static
../Src/stm32f100x.c:45:6:RCC_ADC_Enable	4	static
../Src/stm32f100x.c:49:6:GPIO_SetPinOutput	16	static
../Src/stm32f100x.c:65:6:GPIO_SetPinHigh	16	static
../Src/stm32f100x.c:79:6:GPIO_SetPinLow	16	static
../Src/stm32f100x.c:83:9:GPIO_ReadPin	24	static
../Src/stm32f100x.c:88:6:USART_Init	16	static
../Src/stm32f100x.c:93:6:USART_SendChar	16	static
../Src/stm32f100x.c:98:6:USART_SendString	16	static
../Src/stm32f100x.c:126:6:TIM_Init	16	static
../Src/stm32f100x.c:133:6:Delay_ms	16	static
../Src/stm32f100x.c:138:6:ADC1_Init	8	static
../Src/stm32f100x.c:144:10:ADC1_Read	4	static
